// Jest Snapshot v1, https://goo.gl/fbAQLP

exports[`renders learn react link 1`] = `
<DocumentFragment>
  <div
    class="wrapper"
  >
    <div>
      <nav
        class="bg-primary-color py-0 pl-0 text-white navbar navbar-expand-lg navbar-light"
      >
        <a
          class="py-0 navbar-brand"
          href="/"
        >
          <img
            alt="FOSSology"
            class="img-fluid bg-white py-1 px-2"
            src="logo.svg"
          />
        </a>
        <button
          aria-controls="basic-navbar-nav"
          aria-label="Toggle navigation"
          class="navbar-toggler collapsed"
          type="button"
        >
          <span
            class="navbar-toggler-icon"
          />
        </button>
        <div
          class="navbar-collapse collapse"
          id="basic-navbar-nav"
        >
          <div
            class="mr-auto navbar-nav"
          >
            <a
              class="nav-link"
              href="/"
            >
              Home
            </a>
          </div>
          <div
            class="dropleft"
          >
            <button
              aria-expanded="false"
              aria-haspopup="true"
              class="p-0 btn btn-link"
              type="button"
            >
              <svg
                class="m-2"
                fill="#fff"
                height="40"
                viewBox="0 0 16 16"
                width="40"
                xmlns="http://www.w3.org/2000/svg"
              >
                <path
                  d="M16 8A8 8 0 1 1 0 8a8 8 0 0 1 16 0zM5.496 6.033h.825c.138 0 .248-.113.266-.25.09-.656.54-1.134 1.342-1.134.686 0 1.314.343 1.314 1.168 0 .635-.374.927-.965 1.371-.673.489-1.206 1.06-1.168 1.987l.003.217a.25.25 0 0 0 .25.246h.811a.25.25 0 0 0 .25-.25v-.105c0-.718.273-.927 1.01-1.486.609-.463 1.244-.977 1.244-2.056 0-1.511-1.276-2.241-2.673-2.241-1.267 0-2.655.59-2.75 2.286a.237.237 0 0 0 .241.247zm2.325 6.443c.61 0 1.029-.394 1.029-.927 0-.552-.42-.94-1.029-.94-.584 0-1.009.388-1.009.94 0 .533.425.927 1.01.927z"
                />
              </svg>
            </button>
          </div>
          <div
            class="dropleft"
          >
            <button
              aria-expanded="false"
              aria-haspopup="true"
              class="p-0 btn btn-link"
              type="button"
            >
              <svg
                class="m-2"
                height="40"
                viewBox="0 0 40 40"
                width="40"
              >
                <g>
                  <circle
                    cx="20"
                    cy="20"
                    r="20"
                    style="fill: white; stroke: #DC3545; stroke-width: 1; stroke-miterlimit: 10;"
                  />
                  <text
                    dy=".3em"
                    fill="#DC3545"
                    stroke="#DC3545"
                    stroke-width="0.8px"
                    text-anchor="middle"
                    x="50%"
                    y="50%"
                  >
                    FO
                  </text>
                </g>
              </svg>
            </button>
          </div>
          <div
            class="dropleft"
          >
            <button
              aria-expanded="false"
              aria-haspopup="true"
              class="p-0 btn btn-link"
              type="button"
            >
              <svg
                class="m-2"
                fill="#fff"
                height="40"
                viewBox="0 0 16 16"
                width="40"
                xmlns="http://www.w3.org/2000/svg"
              >
                <path
                  d="M11 6a3 3 0 1 1-6 0 3 3 0 0 1 6 0z"
                />
                <path
                  d="M0 8a8 8 0 1 1 16 0A8 8 0 0 1 0 8zm8-7a7 7 0 0 0-5.468 11.37C3.242 11.226 4.805 10 8 10s4.757 1.225 5.468 2.37A7 7 0 0 0 8 1z"
                  fill-rule="evenodd"
                />
              </svg>
            </button>
          </div>
        </div>
      </nav>
    </div>
    <div
      class="main-container my-3"
    >
      <div
        class="row m-0"
      >
        <div
          class="col-md-6"
        >
          <b
            class="font-size-medium"
          >
            FOSSology
          </b>
           is a framework for software analysis tools. With it, you can:
          <ul
            class="my-3 list-unstyled"
          >
            <li>
              Upload files into the fossology repository.
            </li>
            <li>
              Unpack files (zip, tar, bz2, iso's, and many others) into its component files.
            </li>
            <li>
              Browse upload file trees.
            </li>
            <li>
              View file contents and meta data.
            </li>
            <li>
              Scan for software licenses.
            </li>
            <li>
              Scan for copyrights and other author information.
            </li>
            <li>
              View side-by-side license and bucket differences between file trees.
            </li>
            <li>
              Tag and attach notes to files.
            </li>
            <li>
              Report files based on your own custom classification scheme.
            </li>
          </ul>
          <div
            class="my-3"
          >
            <b
              class="font-size-medium"
            >
              Where to begin...
            </b>
            <ul
              class="my-3"
            >
              <li>
                The menu at the top contains all the primary capabilities of FOSSology.
              </li>
              <li>
                Depending on your account's access rights, you may be able to upload files, schedule analysis tasks, or even add new users.
              </li>
            </ul>
          </div>
        </div>
        <div
          class="col-md-6"
        >
          <div
            class="sc-gtsrHT pWkcc"
          >
            <form
              class=""
            >
              <div
                class="form-group row"
              >
                <label
                  class="form-label col-form-label col-sm-4"
                  for="loginUsername"
                >
                  Username
                </label>
                <div
                  class="col-sm-8"
                >
                  <input
                    class="form-control"
                    id="loginUsername"
                    placeholder="Enter Username"
                    type="text"
                    value=""
                  />
                </div>
              </div>
              <div
                class="form-group row"
              >
                <label
                  class="form-label col-form-label col-sm-4"
                  for="loginPassword"
                >
                  Password
                </label>
                <div
                  class="col-sm-8"
                >
                  <input
                    class="form-control"
                    id="loginPassword"
                    placeholder="Enter Password"
                    type="password"
                    value=""
                  />
                </div>
              </div>
              <button
                class="sc-bdnxRM jucBJg bg-primary-color text-secondary-color font-demi text-center hover-primary-color d-block mx-auto"
                type="submit"
              >
                Login
              </button>
            </form>
          </div>
        </div>
      </div>
      <div
        class="row mt-3"
      >
        <div
          class="col-lg-4 col-md-12 col-sm-12 col-12"
        >
          <div
            class="box"
          >
            <div
              class="d-flex"
            >
              <img
                alt="Upload and Scan files"
                src="upload.svg"
              />
              <div
                class="pl-3"
              >
                <h4
                  class="font-size-sub-heading"
                >
                  Upload and Scan files
                </h4>
                <p
                  class="mt-2"
                >
                  Upload and scan files into the fossology server and get information.
                </p>
              </div>
            </div>
          </div>
        </div>
        <div
          class="col-lg-4 col-md-12 col-sm-12 col-12"
        >
          <div
            class="box"
          >
            <div
              class="d-flex"
            >
              <img
                alt="Review Documents"
                src="scan.svg"
              />
              <div
                class="pl-3"
              >
                <h4
                  class="font-size-sub-heading"
                >
                  Review Documents
                </h4>
                <p
                  class="mt-2"
                >
                  Review licenses, copyrights, export control and other information.
                </p>
              </div>
            </div>
          </div>
        </div>
        <div
          class="col-lg-4 col-md-12 col-sm-12 col-12"
        >
          <div
            class="box"
          >
            <div
              class="d-flex"
            >
              <img
                alt="Generate Reports"
                src="report.svg"
              />
              <div
                class="pl-3"
              >
                <h4
                  class="font-size-sub-heading"
                >
                  Generate Reports
                </h4>
                <p
                  class="mt-2"
                >
                  Generate report files based on your own custom classification scheme.
                </p>
              </div>
            </div>
          </div>
        </div>
      </div>
    </div>
  </div>
  <footer
    class="primary-color-wrapper text-right font-size-small py-3"
    id="footer"
  >
    Version: [3.9.0.160], Branch: [feat/new-ui], Commit: [#0d47ba] 2021/03/19 12:55 IST built @ 2021/03/19 12:56 IST
  </footer>
</DocumentFragment>
`;
